No
No Beuno
Dislike
Refuse
Fatal
Fire
Nvidia
AMD
Intel
Android
Microsoft
Apple
UNIX
Kernal Panic
Existential Crisis
Stack Overflow
Git Out
Left Orbit
Dropped it
No Drivers
DLL Missing
Disk Full
Done
Expected Code, Found Garbage
Expected Garbage, Found Code
Expected More
BSOD